// Jest Snapshot v1, https://goo.gl/fbAQLP

exports[`Explore page renders without error 1`] = `"HomeExploreNotificationsMessagesProfileSign OutExploreA complete list of usersDan Molloy@danmolloyHi! Click edit profileUnfollowFiona Kelly@fizzlekellyhelloUnfollowEoghan@eggI am an eggUnfollowThe Big Firkin Band@thebigfirkinband17-piece jazz big bandUnfollow"`;
