// Jest Snapshot v1, https://goo.gl/fbAQLP

exports[`Profile component renders without error 1`] = `
"<div id=\\"profile-component\\" class=\\"border-r w-full mr-2\\">
  <div id=\\"profile-header\\" class=\\"border-b flex flex-row\\"><a href=\\"/home\\"><svg xmlns=\\"http://www.w3.org/2000/svg\\" fill=\\"none\\" viewBox=\\"0 0 24 24\\" stroke=\\"currentColor\\" class=\\"w-10 p-2 h-auto ml-4 my-2\\">
        <path stroke-linecap=\\"round\\" stroke-linejoin=\\"round\\" stroke-width=\\"2\\" d=\\"M10 19l-7-7m0 0l7-7m-7 7h18\\"></path>
      </svg></a>
    <div class=\\" ml-2 mt-1\\">
      <h3 class=\\"text-xl font-bold\\">George Costanza</h3>
      <p class=\\"text-sm text-gray-600 -mt-1\\">1 tweets</p>
    </div>
  </div>
  <div id=\\"profile-details\\" class=\\"w-full h-3/5 \\"><img id=\\"profile-banner\\" class=\\"w-full h-48\\" src=\\"/bgPic.jpg\\">
    <div class=\\"flex flex-row justify-between\\"><img src=\\"https://upload.wikimedia.org/wikipedia/en/7/70/George_Costanza.jpg\\" class=\\"rounded-full w-36 h-auto ml-4 -mt-12 -p border-4 border-white\\">
      <div><button class=\\"follow-btn\\">Follow</button></div>
    </div>
    <div class=\\"flex flex-col w-4/5 sm:w-2/5 ml-12\\">
      <h3 class=\\"font-bold text-xl\\">George Costanza</h3>
      <p class=\\"text-gray-600 text-sm\\">@artVandelay</p>
      <p class=\\"my-2\\">My name is George, I'm unemployed and I live with my parents.</p>
      <div class=\\"flex flex-row text-gray-600\\"><svg xmlns=\\"http://www.w3.org/2000/svg\\" fill=\\"none\\" viewBox=\\"0 0 24 24\\" stroke=\\"currentColor\\" class=\\"w-6 h-auto -ml-1\\">
          <path stroke-linecap=\\"round\\" stroke-linejoin=\\"round\\" stroke-width=\\"2\\" d=\\"M8 7V3m8 4V3m-9 8h10M5 21h14a2 2 0 002-2V7a2 2 0 00-2-2H5a2 2 0 00-2 2v12a2 2 0 002 2z\\"></path>
        </svg>
        <p class=\\"ml-1\\">Joined Nov 22 2021</p>
      </div>
      <div id=\\"profile-followers\\" class=\\"flex flex-row text-gray-600 my-2\\">
        <div><button><span class=\\"font-bold text-black\\">1</span> following</button></div>
        <div><button><span class=\\"font-bold text-black ml-2\\">1</span> followers</button></div>
      </div>
    </div>
  </div>
  <div id=\\"profile-tweets\\" class=\\"w-full flex flex-col items-center min-h-screen\\">
    <div class=\\"w-full h-12 mt-4 flex flex-row\\"><a class=\\"selected-tweet-filter\\" href=\\"/artVandelay\\">Tweets<span class=\\"tab-line\\"></span></a><a class=\\"deselected-tweet-filter\\" href=\\"/artVandelay/retweets\\">Retweets</a></div>
    <div class=\\"h-full w-full flex flex-col mt-0\\">
      <div id=\\"single-tweet\\" class=\\"border-b hover:bg-gray-50 flex flex-col items-center\\">
        <div class=\\"flex flex-row mt-4 w-full\\"><a href=\\"/artVandelay\\"><img src=\\"https://upload.wikimedia.org/wikipedia/en/7/70/George_Costanza.jpg\\" class=\\"w-14 h-auto mx-3 rounded-full\\"></a>
          <div class=\\"ml-3 flex flex-col w-full\\">
            <div class=\\"flex flex-row w-full justify-between\\">
              <div class=\\"flex flex-col sm:flex-row \\"><a id=\\"user-profile-link\\" class=\\"flex flex-row flex-wrap\\" href=\\"/artVandelay\\">
                  <h3 class=\\"font-bold hover:underline\\">George Costanza</h3>
                  <h4 class=\\"text-gray-500 ml-1\\">@artVandelay</h4>
                </a><span class=\\"hidden sm:flex text-gray-500 ml-1\\">•</span>
                <h4 class=\\"text-gray-500 ml-1 hover:underline\\">Tue Sep 28 2021</h4>
              </div>
              <div id=\\"tweet-options\\"><button class=\\"text-gray-500 hover:bg-blue-50 hover:text-blue-500 rounded-full p-1 mr-2\\">•••</button></div>
            </div>
            <div>
              <p class=\\" mr-2\\">It's not a lie if you believe it.</p>
            </div>
          </div>
        </div>
        <div class=\\"flex flex-row justify-between px-12 my-2 text-gray-500 w-full\\"><button class=\\"flex flex-row items-center hover:text-blue-500\\"><svg xmlns=\\"http://www.w3.org/2000/svg\\" fill=\\"none\\" viewBox=\\"0 0 24 24\\" stroke=\\"currentColor\\" class=\\" hover:bg-blue-50 tweet-options\\">
              <path stroke-linecap=\\"round\\" stroke-linejoin=\\"round\\" stroke-width=\\"2\\" d=\\"M8 12h.01M12 12h.01M16 12h.01M21 12c0 4.418-4.03 8-9 8a9.863 9.863 0 01-4.255-.949L3 20l1.395-3.72C3.512 15.042 3 13.574 3 12c0-4.418 4.03-8 9-8s9 3.582 9 8z\\"></path>
            </svg>
            <p>0</p>
          </button><button id=\\"retweet-button\\" class=\\"flex flex-row items-center hover:text-green-500\\"><svg xmlns=\\"http://www.w3.org/2000/svg\\" fill=\\"none\\" viewBox=\\"0 0 24 24\\" stroke=\\"currentColor\\" class=\\"hover:bg-green-50 tweet-options\\">
              <path stroke-linecap=\\"round\\" stroke-linejoin=\\"round\\" stroke-width=\\"2\\" d=\\"M4 4v5h.582m15.356 2A8.001 8.001 0 004.582 9m0 0H9m11 11v-5h-.581m0 0a8.003 8.003 0 01-15.357-2m15.357 2H15\\"></path>
            </svg>
            <p id=\\"retweet-count\\"></p>
          </button><button id=\\"like-button\\" class=\\"flex flex-row  items-center hover:text-red-500\\"><svg xmlns=\\"http://www.w3.org/2000/svg\\" fill=\\"none\\" viewBox=\\"0 0 24 24\\" stroke=\\"currentColor\\" class=\\"hover:bg-red-50 tweet-options\\">
              <path stroke-linecap=\\"round\\" stroke-linejoin=\\"round\\" stroke-width=\\"2\\" d=\\"M4.318 6.318a4.5 4.5 0 000 6.364L12 20.364l7.682-7.682a4.5 4.5 0 00-6.364-6.364L12 7.636l-1.318-1.318a4.5 4.5 0 00-6.364 0z\\"></path>
            </svg>
            <p id=\\"like-count\\"></p>
          </button></div>
      </div>
    </div>
  </div>
</div>"
`;
